// Vitest Snapshot v1, https://vitest.dev/guide/snapshot.html

exports[`Component: PostsPage > SHOULD match snapshot 1`] = `
{
  "asFragment": [Function],
  "baseElement": <body>
    <div>
      <div
        aria-label="Post content"
        class="m-4 pb-1 focus:outline-none focus:ring-2 focus:ring-blue-500 border-b-1 border-b-zinc-300"
        tabindex="0"
      >
        <h1>
          sunt aut facere repellat provident occaecati excepturi optio reprehenderit
        </h1>
        <p>
          quia et suscipit
suscipit recusandae consequuntur expedita et cum
reprehenderit molestiae ut ut quas totam
nostrum rerum est autem sunt rem eveniet architecto
        </p>
      </div>
      <div
        aria-label="Post content"
        class="m-4 pb-1 focus:outline-none focus:ring-2 focus:ring-blue-500 border-b-1 border-b-zinc-300"
        tabindex="0"
      >
        <h1>
          qui est esse
        </h1>
        <p>
          est rerum tempore vitae
sequi sint nihil reprehenderit dolor beatae ea dolores neque
fugiat blanditiis voluptate porro vel nihil molestiae ut reiciendis
qui aperiam non debitis possimus qui neque nisi nulla
        </p>
      </div>
      <div
        aria-label="Post content"
        class="m-4 pb-1 focus:outline-none focus:ring-2 focus:ring-blue-500 border-b-1 border-b-zinc-300"
        tabindex="0"
      >
        <h1>
          ea molestias quasi exercitationem repellat qui ipsa sit aut
        </h1>
        <p>
          et iusto sed quo iure
voluptatem occaecati omnis eligendi aut ad
voluptatem doloribus vel accusantium quis pariatur
molestiae porro eius odio et labore et velit aut
        </p>
      </div>
    </div>
  </body>,
  "container": <div>
    <div
      aria-label="Post content"
      class="m-4 pb-1 focus:outline-none focus:ring-2 focus:ring-blue-500 border-b-1 border-b-zinc-300"
      tabindex="0"
    >
      <h1>
        sunt aut facere repellat provident occaecati excepturi optio reprehenderit
      </h1>
      <p>
        quia et suscipit
suscipit recusandae consequuntur expedita et cum
reprehenderit molestiae ut ut quas totam
nostrum rerum est autem sunt rem eveniet architecto
      </p>
    </div>
    <div
      aria-label="Post content"
      class="m-4 pb-1 focus:outline-none focus:ring-2 focus:ring-blue-500 border-b-1 border-b-zinc-300"
      tabindex="0"
    >
      <h1>
        qui est esse
      </h1>
      <p>
        est rerum tempore vitae
sequi sint nihil reprehenderit dolor beatae ea dolores neque
fugiat blanditiis voluptate porro vel nihil molestiae ut reiciendis
qui aperiam non debitis possimus qui neque nisi nulla
      </p>
    </div>
    <div
      aria-label="Post content"
      class="m-4 pb-1 focus:outline-none focus:ring-2 focus:ring-blue-500 border-b-1 border-b-zinc-300"
      tabindex="0"
    >
      <h1>
        ea molestias quasi exercitationem repellat qui ipsa sit aut
      </h1>
      <p>
        et iusto sed quo iure
voluptatem occaecati omnis eligendi aut ad
voluptatem doloribus vel accusantium quis pariatur
molestiae porro eius odio et labore et velit aut
      </p>
    </div>
  </div>,
  "debug": [Function],
  "findAllByAltText": [Function],
  "findAllByDisplayValue": [Function],
  "findAllByLabelText": [Function],
  "findAllByPlaceholderText": [Function],
  "findAllByRole": [Function],
  "findAllByTestId": [Function],
  "findAllByText": [Function],
  "findAllByTitle": [Function],
  "findByAltText": [Function],
  "findByDisplayValue": [Function],
  "findByLabelText": [Function],
  "findByPlaceholderText": [Function],
  "findByRole": [Function],
  "findByTestId": [Function],
  "findByText": [Function],
  "findByTitle": [Function],
  "getAllByAltText": [Function],
  "getAllByDisplayValue": [Function],
  "getAllByLabelText": [Function],
  "getAllByPlaceholderText": [Function],
  "getAllByRole": [Function],
  "getAllByTestId": [Function],
  "getAllByText": [Function],
  "getAllByTitle": [Function],
  "getByAltText": [Function],
  "getByDisplayValue": [Function],
  "getByLabelText": [Function],
  "getByPlaceholderText": [Function],
  "getByRole": [Function],
  "getByTestId": [Function],
  "getByText": [Function],
  "getByTitle": [Function],
  "queryAllByAltText": [Function],
  "queryAllByDisplayValue": [Function],
  "queryAllByLabelText": [Function],
  "queryAllByPlaceholderText": [Function],
  "queryAllByRole": [Function],
  "queryAllByTestId": [Function],
  "queryAllByText": [Function],
  "queryAllByTitle": [Function],
  "queryByAltText": [Function],
  "queryByDisplayValue": [Function],
  "queryByLabelText": [Function],
  "queryByPlaceholderText": [Function],
  "queryByRole": [Function],
  "queryByTestId": [Function],
  "queryByText": [Function],
  "queryByTitle": [Function],
  "rerender": [Function],
  "unmount": [Function],
}
`;
